// Jest Snapshot v1, https://goo.gl/fbAQLP

exports[`<Cart /> renders and matches the snapshot 1`] = `
<header>
  <CloseButton
    onClick={[Function]}
    title="close"
  >
    <button
      className="CloseButton-sc-1seb878-0 lbNKfp"
      onClick={[Function]}
      title="close"
    >
      Ã—
    </button>
  </CloseButton>
  <Supreme>
    <h3
      className="Supreme-xv30qb-0 hpaXsq"
    >
      Miss Coleman Berge
      's Cart
    </h3>
  </Supreme>
  <p>
    You have 
    1
     Item
     in your cart.
  </p>
</header>
`;
